------------------------------------------------------------
TimeQuest Timing Analyzer Summary
------------------------------------------------------------

Type  : Slow 1100mV 85C Model Setup 'clk'
Slack : -0.269
TNS   : -0.871

Type  : Slow 1100mV 85C Model Hold 'clk'
Slack : 0.333
TNS   : 0.000

Type  : Slow 1100mV 85C Model Minimum Pulse Width 'clk'
Slack : -0.538
TNS   : -3.100

Type  : Slow 1100mV 0C Model Setup 'clk'
Slack : -0.299
TNS   : -1.039

Type  : Slow 1100mV 0C Model Hold 'clk'
Slack : 0.305
TNS   : 0.000

Type  : Slow 1100mV 0C Model Minimum Pulse Width 'clk'
Slack : -0.538
TNS   : -3.182

Type  : Fast 1100mV 85C Model Setup 'clk'
Slack : 0.382
TNS   : 0.000

Type  : Fast 1100mV 85C Model Hold 'clk'
Slack : 0.165
TNS   : 0.000

Type  : Fast 1100mV 85C Model Minimum Pulse Width 'clk'
Slack : -0.096
TNS   : -0.375

Type  : Fast 1100mV 0C Model Setup 'clk'
Slack : 0.407
TNS   : 0.000

Type  : Fast 1100mV 0C Model Hold 'clk'
Slack : 0.154
TNS   : 0.000

Type  : Fast 1100mV 0C Model Minimum Pulse Width 'clk'
Slack : -0.096
TNS   : -0.377

------------------------------------------------------------
